#
# There is insufficient memory for the Java Runtime Environment to continue.
# Native memory allocation (mmap) failed to map 123731968 bytes for G1 virtual space
# Possible reasons:
#   The system is out of physical RAM or swap space
#   The process is running with CompressedOops enabled, and the Java Heap may be blocking the growth of the native heap
# Possible solutions:
#   Reduce memory load on the system
#   Increase physical memory or swap space
#   Check if swap backing store is full
#   Decrease Java heap size (-Xmx/-Xms)
#   Decrease number of Java threads
#   Decrease Java thread stack sizes (-Xss)
#   Set larger code cache with -XX:ReservedCodeCacheSize=
#   JVM is running with Unscaled Compressed Oops mode in which the Java heap is
#     placed in the first 4GB address space. The Java Heap base address is the
#     maximum limit for the native heap growth. Please use -XX:HeapBaseMinAddress
#     to set the Java Heap base and to place the Java Heap above 4GB virtual address.
# This output file may be truncated or incomplete.
#
#  Out of Memory Error (os_windows.cpp:3548), pid=11116, tid=17700
#
# JRE version:  (17.0.12+8) (build )
# Java VM: Java HotSpot(TM) 64-Bit Server VM (17.0.12+8-LTS-286, mixed mode, emulated-client, sharing, tiered, compressed oops, compressed class ptrs, g1 gc, windows-amd64)
# No core dump will be written. Minidumps are not enabled by default on client versions of Windows
#

---------------  S U M M A R Y ------------

Command Line: -XX:TieredStopAtLevel=1 -Dfile.encoding=windows-1252 -Duser.country=BR -Duser.language=pt -Duser.variant com.tryplace.tryplace.TryplaceApplicationKt

Host: AMD Ryzen 5 7520U with Radeon Graphics         , 8 cores, 7G,  Windows 11 , 64 bit Build 26100 (10.0.26100.3912)
Time: Wed Jun 17 18:18:45 2026 Hora oficial do Brasil elapsed time: 0.072838 seconds (0d 0h 0m 0s)

---------------  T H R E A D  ---------------

Current thread (0x000001e7a8c7aef0):  JavaThread "Unknown thread" [_thread_in_vm, id=17700, stack(0x0000009bed400000,0x0000009bed500000)]

Stack: [0x0000009bed400000,0x0000009bed500000]
Native frames: (J=compiled Java code, j=interpreted, Vv=VM code, C=native code)
V  [jvm.dll+0x67a04a]
V  [jvm.dll+0x7da4ed]
V  [jvm.dll+0x7dbe33]
V  [jvm.dll+0x7dc4a3]
V  [jvm.dll+0x24508f]
V  [jvm.dll+0x677089]
V  [jvm.dll+0x66bd32]
V  [jvm.dll+0x301fa6]
V  [jvm.dll+0x309546]
V  [jvm.dll+0x359d2e]
V  [jvm.dll+0x359f5f]
V  [jvm.dll+0x2d9078]
V  [jvm.dll+0x2d9fe4]
V  [jvm.dll+0x7aca21]
V  [jvm.dll+0x367591]
V  [jvm.dll+0x78b999]
V  [jvm.dll+0x3ec83f]
V  [jvm.dll+0x3ee471]
C  [jli.dll+0x5297]
C  [ucrtbase.dll+0x37b0]
C  [KERNEL32.DLL+0x2e8d7]
C  [ntdll.dll+0x9c5dc]


---------------  P R O C E S S  ---------------

Threads class SMR info:
_java_thread_list=0x00007fffc4857a18, length=0, elements={
}

Java Threads: ( => current thread )

Other Threads:
  0x000001e7aad88f50 GCTaskThread "GC Thread#0" [stack: 0x0000009bed500000,0x0000009bed600000] [id=17040]
  0x000001e7aad99910 ConcurrentGCThread "G1 Main Marker" [stack: 0x0000009bed600000,0x0000009bed700000] [id=3852]
  0x000001e7aad9c140 ConcurrentGCThread "G1 Conc#0" [stack: 0x0000009bed700000,0x0000009bed800000] [id=7744]

[error occurred during error reporting (printing all threads), id 0xc0000005, EXCEPTION_ACCESS_VIOLATION (0xc0000005) at pc=0x00007fffc4089b67]

VM state: not at safepoint (not fully initialized)

VM Mutex/Monitor currently owned by a thread:  ([mutex/lock_event])
[0x000001e7aad35630] Heap_lock - owner thread: 0x000001e7a8c7aef0

Heap address: 0x000000008b800000, size: 1864 MB, Compressed Oops mode: 32-bit

CDS archive(s) mapped at: [0x0000000000000000-0x0000000000000000-0x0000000000000000), size 0, SharedBaseAddress: 0x0000000800000000, ArchiveRelocationMode: 1.
Narrow klass base: 0x0000000000000000, Narrow klass shift: 0, Narrow klass range: 0x0

GC Precious Log:
<Empty>

Heap:
 garbage-first heap   total 0K, used 0K [0x000000008b800000, 0x0000000100000000)
  region size 1024K, 0 young (0K), 0 survivors (0K)

[error occurred during error reporting (printing heap information), id 0xc0000005, EXCEPTION_ACCESS_VIOLATION (0xc0000005) at pc=0x00007fffc4473859]

GC Heap History (0 events):
No events

Deoptimization events (0 events):
No events

Classes unloaded (0 events):
No events

Classes redefined (0 events):
No events

Internal exceptions (0 events):
No events

VM Operations (0 events):
No events

Events (1 events):
Event: 0.050 Loaded shared library C:\Program Files\Java\jdk-17\bin\java.dll


Dynamic libraries:
0x00007ff746780000 - 0x00007ff746790000 	C:\Program Files\Java\jdk-17\bin\java.exe
0x00007ff89e7c0000 - 0x00007ff89ea26000 	C:\Windows\SYSTEM32\ntdll.dll
0x00007ff89cf30000 - 0x00007ff89cff9000 	C:\Windows\System32\KERNEL32.DLL
0x00007ff89b980000 - 0x00007ff89bd4c000 	C:\Windows\System32\KERNELBASE.dll
0x00007ff89c0d0000 - 0x00007ff89c21b000 	C:\Windows\System32\ucrtbase.dll
0x00007ff8700a0000 - 0x00007ff8700bb000 	C:\Program Files\Java\jdk-17\bin\VCRUNTIME140.dll
0x00007ff875650000 - 0x00007ff875669000 	C:\Program Files\Java\jdk-17\bin\jli.dll
0x00007ff89e680000 - 0x00007ff89e732000 	C:\Windows\System32\ADVAPI32.dll
0x00007ff89cac0000 - 0x00007ff89cb69000 	C:\Windows\System32\msvcrt.dll
0x00007ff89cba0000 - 0x00007ff89cc46000 	C:\Windows\System32\sechost.dll
0x00007ff89dd40000 - 0x00007ff89de56000 	C:\Windows\System32\RPCRT4.dll
0x00007ff89c690000 - 0x00007ff89c85a000 	C:\Windows\System32\USER32.dll
0x00007ff89b950000 - 0x00007ff89b977000 	C:\Windows\System32\win32u.dll
0x00007ff89d080000 - 0x00007ff89d0ab000 	C:\Windows\System32\GDI32.dll
0x00007ff885900000 - 0x00007ff885b9a000 	C:\Windows\WinSxS\amd64_microsoft.windows.common-controls_6595b64144ccf1df_6.0.26100.3912_none_3e07963ce335137e\COMCTL32.dll
0x00007ff89c220000 - 0x00007ff89c352000 	C:\Windows\System32\gdi32full.dll
0x00007ff89bd50000 - 0x00007ff89bdf3000 	C:\Windows\System32\msvcp_win.dll
0x00007ff890570000 - 0x00007ff89057b000 	C:\Windows\SYSTEM32\VERSION.dll
0x00007ff89e740000 - 0x00007ff89e770000 	C:\Windows\System32\IMM32.DLL
0x00007ff888420000 - 0x00007ff88842c000 	C:\Program Files\Java\jdk-17\bin\vcruntime140_1.dll
0x00007ffff1a90000 - 0x00007ffff1b1e000 	C:\Program Files\Java\jdk-17\bin\msvcp140.dll
0x00007fffc3da0000 - 0x00007fffc4980000 	C:\Program Files\Java\jdk-17\bin\server\jvm.dll
0x00007ff89d0c0000 - 0x00007ff89d0c8000 	C:\Windows\System32\PSAPI.DLL
0x00007ff87c9d0000 - 0x00007ff87c9da000 	C:\Windows\SYSTEM32\WSOCK32.dll
0x00007ff89d2b0000 - 0x00007ff89d324000 	C:\Windows\System32\WS2_32.dll
0x00007ff890af0000 - 0x00007ff890b26000 	C:\Windows\SYSTEM32\WINMM.dll
0x00007ff89a710000 - 0x00007ff89a72a000 	C:\Windows\SYSTEM32\kernel.appcore.dll
0x00007ff8883c0000 - 0x00007ff8883ca000 	C:\Program Files\Java\jdk-17\bin\jimage.dll
0x00007ff88dd10000 - 0x00007ff88df51000 	C:\Windows\SYSTEM32\DBGHELP.DLL
0x00007ff89d7c0000 - 0x00007ff89db44000 	C:\Windows\System32\combase.dll
0x00007ff89de60000 - 0x00007ff89df40000 	C:\Windows\System32\OLEAUT32.dll
0x00007ff88a040000 - 0x00007ff88a079000 	C:\Windows\SYSTEM32\dbgcore.DLL
0x00007ff89c4e0000 - 0x00007ff89c579000 	C:\Windows\System32\bcryptPrimitives.dll
0x00007ff86b9e0000 - 0x00007ff86ba05000 	C:\Program Files\Java\jdk-17\bin\java.dll

dbghelp: loaded successfully - version: 4.0.5 - missing functions: none
symbol engine: initialized successfully - sym options: 0x614 - pdb path: .;C:\Program Files\Java\jdk-17\bin;C:\Windows\SYSTEM32;C:\Windows\WinSxS\amd64_microsoft.windows.common-controls_6595b64144ccf1df_6.0.26100.3912_none_3e07963ce335137e;C:\Program Files\Java\jdk-17\bin\server

VM Arguments:
jvm_args: -XX:TieredStopAtLevel=1 -Dfile.encoding=windows-1252 -Duser.country=BR -Duser.language=pt -Duser.variant 
java_command: com.tryplace.tryplace.TryplaceApplicationKt
java_class_path (initial): C:\Users\joaop\OneDrive\Documentos\GitHub\API\build\classes\java\main;C:\Users\joaop\OneDrive\Documentos\GitHub\API\build\classes\kotlin\main;C:\Users\joaop\OneDrive\Documentos\GitHub\API\build\resources\main;C:\Users\joaop\.gradle\caches\modules-2\files-2.1\com.auth0\java-jwt\4.4.0\e02407d19971bfa241441212901dd327a37722b\java-jwt-4.4.0.jar;C:\Users\joaop\.gradle\caches\modules-2\files-2.1\org.springframework.boot\spring-boot-actuator-autoconfigure\3.2.5\aa58ac33da22febe8ea6d179eb0bf3f76ed2850d\spring-boot-actuator-autoconfigure-3.2.5.jar;C:\Users\joaop\.gradle\caches\modules-2\files-2.1\com.fasterxml.jackson.datatype\jackson-datatype-jdk8\2.15.4\694777f182334a21bf1aeab1b04cc4398c801f3f\jackson-datatype-jdk8-2.15.4.jar;C:\Users\joaop\.gradle\caches\modules-2\files-2.1\org.springdoc\springdoc-openapi-starter-webmvc-ui\2.5.0\e81e60e9be9fd65503071337e634b6056127a2fb\springdoc-openapi-starter-webmvc-ui-2.5.0.jar;C:\Users\joaop\.gradle\caches\modules-2\files-2.1\org.springdoc\springdoc-openapi-starter-webmvc-api\2.5.0\a450d666f17b10adff53703b16bc77954a045fd2\springdoc-openapi-starter-webmvc-api-2.5.0.jar;C:\Users\joaop\.gradle\caches\modules-2\files-2.1\org.springdoc\springdoc-openapi-starter-common\2.5.0\d83078092cc4e61ef502018c7560d466210cc14e\springdoc-openapi-starter-common-2.5.0.jar;C:\Users\joaop\.gradle\caches\modules-2\files-2.1\io.swagger.core.v3\swagger-core-jakarta\2.2.21\b7d961d3431bb200af600c5bb6b68024c2f6282c\swagger-core-jakarta-2.2.21.jar;C:\Users\joaop\.gradle\caches\modules-2\files-2.1\com.fasterxml.jackson.datatype\jackson-datatype-jsr310\2.15.4\7de629770a4559db57128d35ccae7d2fddd35db3\jackson-datatype-jsr310-2.15.4.jar;C:\Users\joaop\.gradle\caches\modules-2\files-2.1\com.fasterxml.jackson.module\jackson-module-parameter-names\2.15.4\e654497a08359db2521b69b5f710e00836915d8c\jackson-module-parameter-names-2.15.4.jar;C:\Users\joaop\.gradle\caches\modules-2\files-2.1\com.fasterxml.jackson.dataformat\jackson-dataformat-yaml\2.
Launcher Type: SUN_STANDARD

[Global flags]
     intx CICompilerCount                          = 4                                         {product} {ergonomic}
     uint ConcGCThreads                            = 2                                         {product} {ergonomic}
     uint G1ConcRefinementThreads                  = 8                                         {product} {ergonomic}
   size_t G1HeapRegionSize                         = 1048576                                   {product} {ergonomic}
    uintx GCDrainStackTargetSize                   = 64                                        {product} {ergonomic}
   size_t InitialHeapSize                          = 123731968                                 {product} {ergonomic}
   size_t MarkStackSize                            = 4194304                                   {product} {ergonomic}
   size_t MaxHeapSize                              = 1954545664                                {product} {ergonomic}
   size_t MinHeapDeltaBytes                        = 1048576                                   {product} {ergonomic}
   size_t MinHeapSize                              = 8388608                                   {product} {ergonomic}
    uintx NonProfiledCodeHeapSize                  = 0                                      {pd product} {ergonomic}
     bool ProfileInterpreter                       = false                                  {pd product} {command line}
    uintx ProfiledCodeHeapSize                     = 0                                      {pd product} {ergonomic}
   size_t SoftMaxHeapSize                          = 1954545664                             {manageable} {ergonomic}
     intx TieredStopAtLevel                        = 1                                         {product} {command line}
     bool UseCompressedClassPointers               = true                           {product lp64_product} {ergonomic}
     bool UseCompressedOops                        = true                           {product lp64_product} {ergonomic}
     bool UseG1GC                                  = true                                      {product} {ergonomic}
     bool UseLargePagesIndividualAllocation        = false                                  {pd product} {ergonomic}

Logging:
Log output configuration:
 #0: stdout all=warning uptime,level,tags
 #1: stderr all=off uptime,level,tags

Environment Variables:
JAVA_HOME=C:\Program Files\Java\jdk-17
PATH=C:\Program Files\Common Files\Oracle\Java\javapath;C:\Program Files (x86)\Common Files\Oracle\Java\javapath;C:\Windows\system32;C:\Windows;C:\Windows\System32\Wbem;C:\Windows\System32\WindowsPowerShell\v1.0\;C:\Windows\System32\OpenSSH\;C:\Program Files\Process Lasso\;C:\Program Files\Git\cmd;C:\Program Files\nodejs\;C:\Program Files\Java\jdk-17\bin;C:\Program Files\Java\jdk-17\bin;C:\Users\joaop\AppData\Local\Programs\Python\Python313\Scripts\;C:\Users\joaop\AppData\Local\Programs\Python\Python313\;C:\Users\joaop\AppData\Local\Programs\Python\Launcher\;C:\Users\joaop\AppData\Local\Microsoft\WindowsApps;C:\Users\joaop\AppData\Local\Programs\Microsoft VS Code\bin;C:\Users\joaop\AppData\Roaming\npm;C:\Users\joaop\AppData\Local\GitHubDesktop\bin;C:\Program Files\JetBrains\IntelliJ IDEA Community Edition 2025.2.3\bin;
USERNAME=joaop
OS=Windows_NT
PROCESSOR_IDENTIFIER=AMD64 Family 23 Model 160 Stepping 0, AuthenticAMD



---------------  S Y S T E M  ---------------

OS:
 Windows 11 , 64 bit Build 26100 (10.0.26100.3912)
OS uptime: 0 days 9:44 hours
Hyper-V role detected

CPU: total 8 (initial active 8) (8 cores per cpu, 2 threads per core) family 23 model 160 stepping 0 microcode 0x8a00006, cx8, cmov, fxsr, ht, mmx, 3dnowpref, sse, sse2, sse3, ssse3, sse4a, sse4.1, sse4.2, popcnt, lzcnt, tsc, tscinvbit, avx, avx2, aes, clmul, bmi1, bmi2, adx, sha, fma, vzeroupper, clflush, clflushopt, hv

Memory: 4k page, system-wide physical 7455M (560M free)
TotalPageFile size 22094M (AvailPageFile size 224M)
current process WorkingSet (physical memory assigned to process): 12M, peak: 12M
current process commit charge ("private bytes"): 55M, peak: 173M

vm_info: Java HotSpot(TM) 64-Bit Server VM (17.0.12+8-LTS-286) for windows-amd64 JRE (17.0.12+8-LTS-286), built on Jun  5 2024 06:46:59 by "mach5one" with MS VC++ 17.6 (VS2022)

END.
